// Jest Snapshot v1, https://goo.gl/fbAQLP

exports[`Gameコンポーネントのテスト snapshot 1`] = `
<Game>
  <div
    className="game"
  >
    <div
      className="game-board"
    >
      <Board
        onClick={[Function]}
        squares={
          Array [
            null,
            null,
            null,
            null,
            null,
            null,
            null,
            null,
            null,
          ]
        }
      >
        <div>
          <div
            className="board-row"
          >
            <Square
              data-index="0"
              onClick={[Function]}
              value={null}
            >
              <button
                className="square"
                onClick={[Function]}
              />
            </Square>
            <Square
              data-index="1"
              onClick={[Function]}
              value={null}
            >
              <button
                className="square"
                onClick={[Function]}
              />
            </Square>
            <Square
              data-index="2"
              onClick={[Function]}
              value={null}
            >
              <button
                className="square"
                onClick={[Function]}
              />
            </Square>
          </div>
          <div
            className="board-row"
          >
            <Square
              data-index="3"
              onClick={[Function]}
              value={null}
            >
              <button
                className="square"
                onClick={[Function]}
              />
            </Square>
            <Square
              data-index="4"
              onClick={[Function]}
              value={null}
            >
              <button
                className="square"
                onClick={[Function]}
              />
            </Square>
            <Square
              data-index="5"
              onClick={[Function]}
              value={null}
            >
              <button
                className="square"
                onClick={[Function]}
              />
            </Square>
          </div>
          <div
            className="board-row"
          >
            <Square
              data-index="6"
              onClick={[Function]}
              value={null}
            >
              <button
                className="square"
                onClick={[Function]}
              />
            </Square>
            <Square
              data-index="7"
              onClick={[Function]}
              value={null}
            >
              <button
                className="square"
                onClick={[Function]}
              />
            </Square>
            <Square
              data-index="8"
              onClick={[Function]}
              value={null}
            >
              <button
                className="square"
                onClick={[Function]}
              />
            </Square>
          </div>
        </div>
      </Board>
    </div>
    <div
      className="game-info"
    >
      <div>
        Next player: X
      </div>
      <ol>
        <li
          key="0"
        >
          <button
            onClick={[Function]}
          >
            Go to game start
          </button>
        </li>
      </ol>
    </div>
  </div>
</Game>
`;
